command.Update{UpdateOr:0x5, Table:command.SimpleTable{Schema:"", Table:"myTable", Alias:"", Indexed:false, Index:""}, Updates:[]command.UpdateSetter{command.UpdateSetter{Cols:[]string{"myCol"}, Value:command.LiteralExpr{Value:"7"}}}, Filter:command.BinaryExpr{Operator:"==", Left:command.LiteralExpr{Value:"myOtherCol"}, Right:command.LiteralExpr{Value:"9"}}}

String:
Update[or=UpdateOrIgnore,table=myTable,sets=((myCol)=7),filter=myOtherCol == 9]